// Jest Snapshot v1, https://goo.gl/fbAQLP

exports[`pruebas en gifgriditem debe fallar si no paso valores  1`] = `
<div>
  <div
    class="card"
  >
    <img
      alt="Goku"
      src="https://goku.com.ar/"
    />
    <p>
      Goku
    </p>
  </div>
</div>
`;
